// Jest Snapshot v1, https://goo.gl/fbAQLP

exports[`Subscriber invokes subscription and renders children 1`] = `
<p>
  Hello
</p>
`;
