// Jest Snapshot v1, https://goo.gl/fbAQLP

exports[`Signup renders correctly when authenticated 1`] = `
<div>
  <div
    class="redirect"
  />
</div>
`;

exports[`Signup renders correctly when unauthenticated 1`] = `
<div>
  <div
    class="container"
  >
    <div
      class="row"
    >
      <div
        class="col-md-6 col-12"
      >
        <form
          class=""
        >
          <div
            class="form-group"
          >
            <label
              class="form-label"
              for="formName"
            >
              Name
            </label>
            <input
              class="form-control"
              id="formName"
              placeholder="Joe Smith"
              value=""
            />
          </div>
          <div
            class="form-group"
          >
            <label
              class="form-label"
              for="formEmail"
            >
              Email address
            </label>
            <input
              class="form-control"
              id="formEmail"
              placeholder="you@gmail.com"
              type="email"
              value=""
            />
          </div>
          <div
            class="form-group"
          >
            <label
              class="form-label"
              for="formPassword"
            >
              Password
            </label>
            <input
              class="form-control"
              id="formPassword"
              placeholder="Password"
              type="password"
              value=""
            />
          </div>
          <button
            class="btn btn-primary"
            type="submit"
          >
            Sign up
          </button>
        </form>
      </div>
    </div>
  </div>
</div>
`;
